../Core/Src/main.c:91:5:main	8	static
../Core/Src/main.c:177:6:SystemClock_Config	72	static
../Core/Src/main.c:214:13:MX_GPIO_Init	32	static
../Core/Src/main.c:238:6:AccessSharedData	8	static
../Core/Src/main.c:253:6:SimulateReadWriteOperation	16	static,ignoring_inline_asm
../Core/Src/main.c:269:6:StartDefaultTask	16	static
../Core/Src/main.c:287:6:FlashGreenLedTask	16	static
../Core/Src/main.c:312:6:FlashRedLedTask	16	static
../Core/Src/main.c:338:6:HAL_TIM_PeriodElapsedCallback	16	static
../Core/Src/main.c:355:6:Error_Handler	4	static,ignoring_inline_asm
